[opencode] Failed to list agents: Error: opencode server GET http://127.0.0.1:55671/agent?directory=D%3A%5Cdev%5Copencode-skill-use → 401 Unauthorized: (empty response body)
    at file:///D:/dev/opencode-skill-use/node_modules/@opencode-ai/sdk/dist/v2/client.js:93:16
    at request (file:///D:/dev/opencode-skill-use/node_modules/@opencode-ai/sdk/dist/v2/gen/client/client.gen.js:169:37)
    at process.processTicksAndRejections (node:internal/process/task_queues:104:5)
    at async Promise.all (index 0)
    at async startOpencode (file:///D:/dev/opencode-skill-use/src/opencode.js:74:57)
    at async main (file:///D:/dev/opencode-skill-use/server.mjs:100:5)
[opencode] Failed to list skills: Error: opencode server GET http://127.0.0.1:55671/skill?directory=D%3A%5Cdev%5Copencode-skill-use → 401 Unauthorized: (empty response body)
    at file:///D:/dev/opencode-skill-use/node_modules/@opencode-ai/sdk/dist/v2/client.js:93:16
    at request (file:///D:/dev/opencode-skill-use/node_modules/@opencode-ai/sdk/dist/v2/gen/client/client.gen.js:169:37)
    at process.processTicksAndRejections (node:internal/process/task_queues:104:5)
    at async Promise.all (index 1)
    at async startOpencode (file:///D:/dev/opencode-skill-use/src/opencode.js:74:57)
    at async main (file:///D:/dev/opencode-skill-use/server.mjs:100:5[server] Unhandled error: SyntaxError: Expected property name or '}' in JSON at position 1 (line 1 column 2)
    at JSON.parse (<anonymous>)
    at parse (D:\dev\opencode-skill-use\node_modules\body-parser\lib\types\json.js:92:19)
    at D:\dev\opencode-skill-use\node_modules\body-parser\lib\read.js:128:18
    at AsyncResource.runInAsyncScope (node:async_hooks:228:14)
    at invokeCallback (D:\dev\opencode-skill-use\node_modules\raw-body\index.js:238:16)
    at done (D:\dev\opencode-skill-use\node_modules\raw-body\index.js:227:7)
    at IncomingMessage.onEnd (D:\dev\opencode-skill-use\node_modules\raw-body\index.js:287:7)
    at IncomingMessage.emit (node:events:508:28)
    at endReadableNT (node:internal/streams/readable:1729:12)
    at process.processTicksAndRejections (node:internal/process/task_queues:90:21) {
  expose: true,
  statusCode: 400,
  status: 400,
  body: '{id:test-session}',
  type: 'entity.parse.failed'
}
[server] Unhandled error: SyntaxError: Expected property name or '}' in JSON at position 1 (line 1 column 2)
    at JSON.parse (<anonymous>)
    at parse (D:\dev\opencode-skill-use\node_modules\body-parser\lib\types\json.js:92:19)
    at D:\dev\opencode-skill-use\node_modules\body-parser\lib\read.js:128:18
    at AsyncResource.runInAsyncScope (node:async_hooks:228:14)
    at invokeCallback (D:\dev\opencode-skill-use\node_modules\raw-body\index.js:238:16)
    at done (D:\dev\opencode-skill-use\node_modules\raw-body\index.js:227:7)
    at IncomingMessage.onEnd (D:\dev\opencode-skill-use\node_modules\raw-body\index.js:287:7)
    at IncomingMessage.emit (node:events:508:28)
    at endReadableNT (node:internal/streams/readable:1729:12)
    at process.processTicksAndRejections (node:internal/process/task_queues:90:21) {
  expose: true,
  statusCode: 400,
  status: 400,
  body: '{\\',
  type: 'entity.parse.failed'
}
